******************************************************************************
                  TI ARM Linker PC v18.12.4                    
******************************************************************************
>> Linked Fri Apr 16 13:56:41 2021

OUTPUT FILE NAME:   <display_7sigment.out>
ENTRY POINT SYMBOL: "_c_int00_noargs"  address: 000011e5


MEMORY CONFIGURATION

         name            origin    length      used     unused   attr    fill
----------------------  --------  ---------  --------  --------  ----  --------
  FLASH                 00000000   00040000  000013fc  0003ec04  R  X
  SRAM                  20000000   00008000  00000230  00007dd0  RW X


SEGMENT ALLOCATION MAP

run origin  load origin   length   init length attrs members
----------  ----------- ---------- ----------- ----- -------
00000000    00000000    00001400   00001400    r-x
  00000000    00000000    0000026c   0000026c    r-- .intvecs
  0000026c    0000026c    000010b0   000010b0    r-x .text
  0000131c    0000131c    000000b0   000000b0    r-- .const
  000013d0    000013d0    00000030   00000030    r-- .cinit
20000000    20000000    00000230   00000000    rw-
  20000000    20000000    00000200   00000000    rw- .stack
  20000200    20000200    00000030   00000000    rw- .data


SECTION ALLOCATION MAP

 output                                  attributes/
section   page    origin      length       input sections
--------  ----  ----------  ----------   ----------------
.intvecs   0    00000000    0000026c     
                  00000000    0000026c     tm4c1230h6pm_startup_ccs.obj (.intvecs)

.text      0    0000026c    000010b0     
                  0000026c    000007a0     main.obj (.text)
                  00000a0c    0000016c     driverlib.lib : gpio.obj (.text:GPIOPadConfigSet)
                  00000b78    0000015c     sigment.obj (.text)
                  00000cd4    00000118     driverlib.lib : sysctl.obj (.text:SysCtlClockGet)
                  00000dec    000000f4                   : sysctl.obj (.text:SysCtlClockSet)
                  00000ee0    0000009c     rtsv7M4_T_le_v4SPD16_eabi.lib : memcpy_t2.asm.obj (.text)
                  00000f7c    00000068     driverlib.lib : interrupt.obj (.text:IntEnable)
                  00000fe4    00000068     rtsv7M4_T_le_v4SPD16_eabi.lib : copy_decompress_lzss.c.obj (.text:decompress:lzss:__TI_decompress_lzss)
                  0000104c    00000060     driverlib.lib : timer.obj (.text:TimerConfigure)
                  000010ac    00000046                   : uart.obj (.text:UARTConfigSetExpClk)
                  000010f2    00000002     rtsv7M4_T_le_v4SPD16_eabi.lib : div0.asm.obj (.text)
                  000010f4    00000044                                   : autoinit.c.obj (.text:__TI_auto_init_nobinit_nopinit:__TI_auto_init_nobinit_nopinit)
                  00001138    00000040                                   : u_divt2.asm.obj (.text)
                  00001178    00000038     driverlib.lib : sysctl.obj (.text:SysCtlPeripheralPresent)
                  000011b0    00000034                   : sysctl.obj (.text:SysCtlPeripheralEnable)
                  000011e4    00000034     rtsv7M4_T_le_v4SPD16_eabi.lib : boot_cortex_m.c.obj (.text:_c_int00_noargs:_c_int00_noargs)
                  00001218    0000002c     driverlib.lib : gpio.obj (.text:GPIODirModeSet)
                  00001244    00000020                   : uart.obj (.text:UARTDisable)
                  00001264    0000001a                   : gpio.obj (.text:GPIOPinTypeGPIOOutput)
                  0000127e    00000016                   : gpio.obj (.text:GPIOPinTypeGPIOInput)
                  00001294    00000014                   : uart.obj (.text:UARTEnable)
                  000012a8    00000012                   : timer.obj (.text:TimerLoadSet)
                  000012ba    0000000e                   : timer.obj (.text:TimerEnable)
                  000012c8    0000000e     rtsv7M4_T_le_v4SPD16_eabi.lib : copy_decompress_none.c.obj (.text:decompress:none:__TI_decompress_none)
                  000012d6    0000000c     tm4c1230h6pm_startup_ccs.obj (.text)
                  000012e2    0000000a     driverlib.lib : uart.obj (.text:UARTCharGet)
                  000012ec    0000000a                   : uart.obj (.text:UARTCharPut)
                  000012f6    00000008                   : timer.obj (.text:TimerIntEnable)
                  000012fe    00000006                   : gpio.obj (.text:GPIOPinRead)
                  00001304    00000006                   : gpio.obj (.text:GPIOPinWrite)
                  0000130a    00000006                   : sysctl.obj (.text:SysCtlDelay)
                  00001310    00000004                   : timer.obj (.text:TimerIntClear)
                  00001314    00000004     rtsv7M4_T_le_v4SPD16_eabi.lib : pre_init.c.obj (.text:_system_pre_init)
                  00001318    00000004                                   : exit.c.obj (.text:abort:abort)

.const     0    0000131c    000000b0     
                  0000131c    0000006c     driverlib.lib : sysctl.obj (.const:g_pui32Xtals)
                  00001388    00000014                   : interrupt.obj (.const:g_pui32EnRegs)
                  0000139c    00000012     main.obj (.const:.string)
                  000013ae    00000002     --HOLE-- [fill = 0]
                  000013b0    0000000c     main.obj (.const:g_ui32UARTBase)
                  000013bc    0000000c     main.obj (.const:g_ui32UARTPeriph)
                  000013c8    00000004     main.obj (.const)

.cinit     0    000013d0    00000030     
                  000013d0    0000001d     (.cinit..data.load) [load image, compression = lzss]
                  000013ed    00000003     --HOLE-- [fill = 0]
                  000013f0    00000008     (__TI_handler_table)
                  000013f8    00000008     (__TI_cinit_table)

.init_array 
*          0    00000000    00000000     UNINITIALIZED

.data      0    20000200    00000030     UNINITIALIZED
                  20000200    0000001f     main.obj (.data)
                  2000021f    00000011     sigment.obj (.data:disp)

.stack     0    20000000    00000200     UNINITIALIZED
                  20000000    00000004     rtsv7M4_T_le_v4SPD16_eabi.lib : boot_cortex_m.c.obj (.stack)
                  20000004    000001fc     --HOLE--

MODULE SUMMARY

       Module                         code   ro data   rw data
       ------                         ----   -------   -------
    .\
       main.obj                       1952   46        31     
       tm4c1230h6pm_startup_ccs.obj   12     620       0      
       sigment.obj                    348    0         17     
    +--+------------------------------+------+---------+---------+
       Total:                         2312   666       48     
                                                              
    C:/ti/TivaWare_C_Series-2.2.0.295/driverlib/ccs/Debug/driverlib.lib
       sysctl.obj                     638    108       0      
       gpio.obj                       468    0         0      
       uart.obj                       142    0         0      
       timer.obj                      140    0         0      
       interrupt.obj                  104    20        0      
    +--+------------------------------+------+---------+---------+
       Total:                         1492   128       0      
                                                              
    C:\ti\ccs930\ccs\tools\compiler\ti-cgt-arm_18.12.4.LTS\lib\rtsv7M4_T_le_v4SPD16_eabi.lib
       memcpy_t2.asm.obj              156    0         0      
       copy_decompress_lzss.c.obj     104    0         0      
       autoinit.c.obj                 68     0         0      
       u_divt2.asm.obj                64     0         0      
       boot_cortex_m.c.obj            52     0         0      
       copy_decompress_none.c.obj     14     0         0      
       exit.c.obj                     4      0         0      
       pre_init.c.obj                 4      0         0      
       div0.asm.obj                   2      0         0      
    +--+------------------------------+------+---------+---------+
       Total:                         468    0         0      
                                                              
       Stack:                         0      0         512    
       Linker Generated:              0      45        0      
    +--+------------------------------+------+---------+---------+
       Grand Total:                   4272   839       560    


LINKER GENERATED COPY TABLES

__TI_cinit_table @ 000013f8 records: 1, size/record: 8, table size: 8
	.data: load addr=000013d0, load size=0000001d bytes, run addr=20000200, run size=00000030 bytes, compression=lzss


LINKER GENERATED HANDLER TABLE

__TI_handler_table @ 000013f0 records: 2, size/record: 4, table size: 8
	index: 0, handler: __TI_decompress_lzss
	index: 1, handler: __TI_decompress_none


GLOBAL SYMBOLS: SORTED ALPHABETICALLY BY Name 

address   name                          
-------   ----                          
00000745  Akim_But                      
20000218  Akim_cont                     
2000020e  Akim_value                    
00001319  C$$EXIT                       
00000703  Fonk_But                      
20000208  Fonk_state                    
2000020b  Fonk_value                    
00001219  GPIODirModeSet                
00000a0d  GPIOPadConfigSet              
000012ff  GPIOPinRead                   
0000127f  GPIOPinTypeGPIOInput          
00001265  GPIOPinTypeGPIOOutput         
00001305  GPIOPinWrite                  
00000f7d  IntEnable                     
00000719  Mod_But                       
20000210  Mod_cont                      
20000209  Mod_state                     
2000020c  Mod_value                     
000012d7  ResetISR                      
00000b79  Set_segmentvalue              
0000072f  Sure_But                      
20000214  Sure_cont                     
2000020d  Sure_value                    
00000cd5  SysCtlClockGet                
00000ded  SysCtlClockSet                
0000130b  SysCtlDelay                   
000011b1  SysCtlPeripheralEnable        
00001179  SysCtlPeripheralPresent       
0000076d  Timer1IntHandler              
0000104d  TimerConfigure                
000012bb  TimerEnable                   
00001311  TimerIntClear                 
000012f7  TimerIntEnable                
000012a9  TimerLoadSet                  
000012e3  UARTCharGet                   
000012ed  UARTCharPut                   
000010ad  UARTConfigSetExpClk           
00001245  UARTDisable                   
00001295  UARTEnable                    
0000026d  UARTStdioConfig               
000003bd  UARTgetc                      
00000303  UARTgets                      
000006df  UARTprintf                    
000003e5  UARTvprintf                   
000002b3  UARTwrite                     
20000200  __STACK_END                   
00000200  __STACK_SIZE                  
20000200  __STACK_TOP                   
000013f8  __TI_CINIT_Base               
00001400  __TI_CINIT_Limit              
000013f0  __TI_Handler_Table_Base       
000013f8  __TI_Handler_Table_Limit      
000010f5  __TI_auto_init_nobinit_nopinit
00000fe5  __TI_decompress_lzss          
000012c9  __TI_decompress_none          
ffffffff  __TI_pprof_out_hndl           
ffffffff  __TI_prof_data_size           
ffffffff  __TI_prof_data_start          
00000000  __TI_static_base__            
000010f3  __aeabi_idiv0                 
000010f3  __aeabi_ldiv0                 
00000ee1  __aeabi_memcpy                
00000ee1  __aeabi_memcpy4               
00000ee1  __aeabi_memcpy8               
00001139  __aeabi_uidiv                 
00001139  __aeabi_uidivmod              
ffffffff  __binit__                     
ffffffff  __c_args__                    
UNDEFED   __mpu_init                    
20000000  __stack                       
000011e5  _c_int00_noargs               
UNDEFED   _system_post_cinit            
00001315  _system_pre_init              
00001319  abort                         
ffffffff  binit                         
20000204  cont                          
2000021c  data_log                      
2000021f  disp                          
00000000  g_pfnVectors                  
0000094d  main                          
00000ee1  memcpy                        
2000020a  state2                        


GLOBAL SYMBOLS: SORTED BY Symbol Address 

address   name                          
-------   ----                          
00000000  __TI_static_base__            
00000000  g_pfnVectors                  
00000200  __STACK_SIZE                  
0000026d  UARTStdioConfig               
000002b3  UARTwrite                     
00000303  UARTgets                      
000003bd  UARTgetc                      
000003e5  UARTvprintf                   
000006df  UARTprintf                    
00000703  Fonk_But                      
00000719  Mod_But                       
0000072f  Sure_But                      
00000745  Akim_But                      
0000076d  Timer1IntHandler              
0000094d  main                          
00000a0d  GPIOPadConfigSet              
00000b79  Set_segmentvalue              
00000cd5  SysCtlClockGet                
00000ded  SysCtlClockSet                
00000ee1  __aeabi_memcpy                
00000ee1  __aeabi_memcpy4               
00000ee1  __aeabi_memcpy8               
00000ee1  memcpy                        
00000f7d  IntEnable                     
00000fe5  __TI_decompress_lzss          
0000104d  TimerConfigure                
000010ad  UARTConfigSetExpClk           
000010f3  __aeabi_idiv0                 
000010f3  __aeabi_ldiv0                 
000010f5  __TI_auto_init_nobinit_nopinit
00001139  __aeabi_uidiv                 
00001139  __aeabi_uidivmod              
00001179  SysCtlPeripheralPresent       
000011b1  SysCtlPeripheralEnable        
000011e5  _c_int00_noargs               
00001219  GPIODirModeSet                
00001245  UARTDisable                   
00001265  GPIOPinTypeGPIOOutput         
0000127f  GPIOPinTypeGPIOInput          
00001295  UARTEnable                    
000012a9  TimerLoadSet                  
000012bb  TimerEnable                   
000012c9  __TI_decompress_none          
000012d7  ResetISR                      
000012e3  UARTCharGet                   
000012ed  UARTCharPut                   
000012f7  TimerIntEnable                
000012ff  GPIOPinRead                   
00001305  GPIOPinWrite                  
0000130b  SysCtlDelay                   
00001311  TimerIntClear                 
00001315  _system_pre_init              
00001319  C$$EXIT                       
00001319  abort                         
000013f0  __TI_Handler_Table_Base       
000013f8  __TI_CINIT_Base               
000013f8  __TI_Handler_Table_Limit      
00001400  __TI_CINIT_Limit              
20000000  __stack                       
20000200  __STACK_END                   
20000200  __STACK_TOP                   
20000204  cont                          
20000208  Fonk_state                    
20000209  Mod_state                     
2000020a  state2                        
2000020b  Fonk_value                    
2000020c  Mod_value                     
2000020d  Sure_value                    
2000020e  Akim_value                    
20000210  Mod_cont                      
20000214  Sure_cont                     
20000218  Akim_cont                     
2000021c  data_log                      
2000021f  disp                          
ffffffff  __TI_pprof_out_hndl           
ffffffff  __TI_prof_data_size           
ffffffff  __TI_prof_data_start          
ffffffff  __binit__                     
ffffffff  __c_args__                    
ffffffff  binit                         
UNDEFED   __mpu_init                    
UNDEFED   _system_post_cinit            

[82 symbols]
